Release 14.7 - xst P.20131013 (lin64)
Copyright (c) 1995-2013 Xilinx, Inc.  All rights reserved.
--> 
Parameter TMPDIR set to xst/projnav.tmp


Total REAL time to Xst completion: 0.00 secs
Total CPU time to Xst completion: 0.04 secs
 
--> 
Parameter xsthdpdir set to xst


Total REAL time to Xst completion: 0.00 secs
Total CPU time to Xst completion: 0.04 secs
 
--> 
Reading design: UART_TX.prj

TABLE OF CONTENTS
  1) Synthesis Options Summary
  2) HDL Parsing
  3) HDL Elaboration
  4) HDL Synthesis
       4.1) HDL Synthesis Report
  5) Advanced HDL Synthesis
       5.1) Advanced HDL Synthesis Report
  6) Low Level Synthesis
  7) Partition Report
  8) Design Summary
       8.1) Primitive and Black Box Usage
       8.2) Device utilization summary
       8.3) Partition Resource Summary
       8.4) Timing Report
            8.4.1) Clock Information
            8.4.2) Asynchronous Control Signals Information
            8.4.3) Timing Summary
            8.4.4) Timing Details
            8.4.5) Cross Clock Domains Report


=========================================================================
*                      Synthesis Options Summary                        *
=========================================================================
---- Source Parameters
Input File Name                    : "UART_TX.prj"
Ignore Synthesis Constraint File   : NO

---- Target Parameters
Output File Name                   : "UART_TX"
Output Format                      : NGC
Target Device                      : xc6slx9-3-tqg144

---- Source Options
Top Module Name                    : UART_TX
Automatic FSM Extraction           : YES
FSM Encoding Algorithm             : Auto
Safe Implementation                : No
FSM Style                          : LUT
RAM Extraction                     : Yes
RAM Style                          : Auto
ROM Extraction                     : Yes
Shift Register Extraction          : YES
ROM Style                          : Auto
Resource Sharing                   : YES
Asynchronous To Synchronous        : NO
Shift Register Minimum Size        : 2
Use DSP Block                      : Auto
Automatic Register Balancing       : No

---- Target Options
LUT Combining                      : Auto
Reduce Control Sets                : Auto
Add IO Buffers                     : YES
Global Maximum Fanout              : 100000
Add Generic Clock Buffer(BUFG)     : 16
Register Duplication               : YES
Optimize Instantiated Primitives   : NO
Use Clock Enable                   : Auto
Use Synchronous Set                : Auto
Use Synchronous Reset              : Auto
Pack IO Registers into IOBs        : Auto
Equivalent register Removal        : YES

---- General Options
Optimization Goal                  : Speed
Optimization Effort                : 1
Power Reduction                    : NO
Keep Hierarchy                     : No
Netlist Hierarchy                  : As_Optimized
RTL Output                         : Yes
Global Optimization                : AllClockNets
Read Cores                         : YES
Write Timing Constraints           : NO
Cross Clock Analysis               : NO
Hierarchy Separator                : /
Bus Delimiter                      : <>
Case Specifier                     : Maintain
Slice Utilization Ratio            : 100
BRAM Utilization Ratio             : 100
DSP48 Utilization Ratio            : 100
Auto BRAM Packing                  : NO
Slice Utilization Ratio Delta      : 5

=========================================================================


=========================================================================
*                          HDL Parsing                                  *
=========================================================================
Parsing VHDL file "/home/ise/Digital_vm/backup_keypad/full_2_lastest/uart_tx_core.vhd" into library work
Parsing entity <uart_tx_core>.
Parsing architecture <rtl> of entity <uart_tx_core>.
Parsing VHDL file "/home/ise/Digital_vm/backup_keypad/full_2_lastest/pin_lock_fsm.vhd" into library work
Parsing entity <pin_lock_fsm>.
Parsing architecture <Behavioral> of entity <pin_lock_fsm>.
Parsing VHDL file "/home/ise/Digital_vm/backup_keypad/full_2_lastest/keypad_scanner.vhd" into library work
Parsing entity <keypad_scanner>.
Parsing architecture <Behavioral> of entity <keypad_scanner>.
Parsing VHDL file "/home/ise/Digital_vm/backup_keypad/full_2_lastest/top.vhd" into library work
Parsing entity <UART_TX>.
Parsing architecture <Behavioral> of entity <uart_tx>.

=========================================================================
*                            HDL Elaboration                            *
=========================================================================

Elaborating entity <UART_TX> (architecture <Behavioral>) from library <work>.

Elaborating entity <keypad_scanner> (architecture <Behavioral>) with generics from library <work>.

Elaborating entity <pin_lock_fsm> (architecture <Behavioral>) from library <work>.

Elaborating entity <uart_tx_core> (architecture <rtl>) from library <work>.

=========================================================================
*                           HDL Synthesis                               *
=========================================================================

Synthesizing Unit <UART_TX>.
    Related source file is "/home/ise/Digital_vm/backup_keypad/full_2_lastest/top.vhd".
INFO:Xst:3210 - "/home/ise/Digital_vm/backup_keypad/full_2_lastest/top.vhd" line 26: Output port <frame_strobe> of the instance <scanner_i> is unconnected or connected to loadless signal.
    Summary:
	no macro.
Unit <UART_TX> synthesized.

Synthesizing Unit <keypad_scanner>.
    Related source file is "/home/ise/Digital_vm/backup_keypad/full_2_lastest/keypad_scanner.vhd".
        ROW_HOLD_CYCLES = 5000
    Found 13-bit register for signal <row_timer>.
    Found 1-bit register for signal <scan_found>.
    Found 4-bit register for signal <scan_code>.
    Found 1-bit register for signal <key_valid_i>.
    Found 4-bit register for signal <key_code_i>.
    Found 2-bit register for signal <row_idx>.
    Found 1-bit register for signal <frame_strobe_i>.
    Found 4-bit adder for signal <row_idx[1]_GND_5_o_add_1_OUT> created at line 46.
    Found 4-bit adder for signal <row_idx[1]_GND_5_o_add_2_OUT> created at line 49.
    Found 4-bit adder for signal <row_idx[1]_GND_5_o_add_3_OUT> created at line 52.
    Found 2-bit adder for signal <row_idx[1]_GND_5_o_add_12_OUT> created at line 76.
    Found 13-bit adder for signal <row_timer[12]_GND_5_o_add_16_OUT> created at line 79.
    Found 4x4-bit Read Only RAM for signal <row_out>
    Summary:
	inferred   1 RAM(s).
	inferred   3 Adder/Subtractor(s).
	inferred  26 D-type flip-flop(s).
	inferred  11 Multiplexer(s).
Unit <keypad_scanner> synthesized.

Synthesizing Unit <pin_lock_fsm>.
    Related source file is "/home/ise/Digital_vm/backup_keypad/full_2_lastest/pin_lock_fsm.vhd".
    Found 24-bit register for signal <fail_led_timer>.
    Found 16-bit register for signal <release_timer>.
    Found 1-bit register for signal <key_released>.
    Found 1-bit register for signal <tx_start_i>.
    Found 8-bit register for signal <tx_data_i>.
    Found 1-bit register for signal <event_pending>.
    Found 23-bit register for signal <buzz_timer>.
    Found 19-bit register for signal <buzz_gap_timer>.
    Found 1-bit register for signal <buzz_double_next>.
    Found 1-bit register for signal <key_held>.
    Found 28-bit register for signal <lockout_timer>.
    Found 3-bit register for signal <state>.
    Found 3-bit register for signal <fail_count>.
    Found 3-bit register for signal <entry_count>.
    Found 1-bit register for signal <relay_i>.
    Found 4-bit register for signal <pin_buf<0>>.
    Found 4-bit register for signal <pin_buf<1>>.
    Found 4-bit register for signal <pin_buf<2>>.
    Found 4-bit register for signal <pin_buf<3>>.
    Found 4-bit register for signal <pin_ref<0>>.
    Found 4-bit register for signal <pin_ref<1>>.
    Found 4-bit register for signal <pin_ref<2>>.
    Found 4-bit register for signal <pin_ref<3>>.
    Found 8-bit register for signal <event_data>.
    Found finite state machine <FSM_0> for signal <state>.
    -----------------------------------------------------------------------
    | States             | 5                                              |
    | Transitions        | 46                                             |
    | Inputs             | 14                                             |
    | Outputs            | 9                                              |
    | Clock              | clk (rising_edge)                              |
    | Power Up State     | locked                                         |
    | Encoding           | auto                                           |
    | Implementation     | LUT                                            |
    -----------------------------------------------------------------------
    Found 3-bit adder for signal <entry_count[2]_GND_6_o_add_183_OUT> created at line 283.
    Found 7-bit adder for signal <n0700[6:0]> created at line 285.
    Found 3-bit adder for signal <fail_count[2]_GND_6_o_add_308_OUT> created at line 331.
    Found 24-bit subtractor for signal <GND_6_o_GND_6_o_sub_5_OUT<23:0>> created at line 115.
    Found 16-bit subtractor for signal <GND_6_o_GND_6_o_sub_8_OUT<15:0>> created at line 122.
    Found 23-bit subtractor for signal <GND_6_o_GND_6_o_sub_15_OUT<22:0>> created at line 147.
    Found 19-bit subtractor for signal <GND_6_o_GND_6_o_sub_17_OUT<18:0>> created at line 149.
    Found 28-bit subtractor for signal <GND_6_o_GND_6_o_sub_33_OUT<27:0>> created at line 189.
    Found 3-bit subtractor for signal <GND_6_o_GND_6_o_sub_193_OUT<2:0>> created at line 289.
    Found 4-bit comparator equal for signal <pin_ref[0][3]_pin_buf[0][3]_equal_140_o> created at line 62
    Found 4-bit comparator equal for signal <pin_ref[1][3]_pin_buf[1][3]_equal_141_o> created at line 63
    Found 4-bit comparator equal for signal <pin_ref[2][3]_pin_buf[2][3]_equal_142_o> created at line 64
    Found 4-bit comparator equal for signal <pin_ref[3][3]_pin_buf[3][3]_equal_143_o> created at line 65
    Found 3-bit comparator greater for signal <entry_count[2]_PWR_6_o_LessThan_178_o> created at line 281
    Found 3-bit comparator greater for signal <GND_6_o_entry_count[2]_LessThan_192_o> created at line 288
    Found 23-bit comparator greater for signal <buzzer> created at line 424
    Found 24-bit comparator greater for signal <GND_6_o_fail_led_timer[23]_LessThan_381_o> created at line 431
    Summary:
	inferred   9 Adder/Subtractor(s).
	inferred 170 D-type flip-flop(s).
	inferred   8 Comparator(s).
	inferred 186 Multiplexer(s).
	inferred   1 Finite State Machine(s).
Unit <pin_lock_fsm> synthesized.

Synthesizing Unit <uart_tx_core>.
    Related source file is "/home/ise/Digital_vm/backup_keypad/full_2_lastest/uart_tx_core.vhd".
    Found 12-bit register for signal <clk_count>.
    Found 4-bit register for signal <bit_index>.
    Found 8-bit register for signal <shift_reg>.
    Found 1-bit register for signal <tx_reg>.
    Found 1-bit register for signal <sending>.
    Found finite state machine <FSM_1> for signal <bit_index>.
    -----------------------------------------------------------------------
    | States             | 10                                             |
    | Transitions        | 30                                             |
    | Inputs             | 2                                              |
    | Outputs            | 4                                              |
    | Clock              | clk (rising_edge)                              |
    | Reset              | _n0061 (positive)                              |
    | Reset type         | synchronous                                    |
    | Reset State        | 0000                                           |
    | Power Up State     | 0000                                           |
    | Encoding           | auto                                           |
    | Implementation     | LUT                                            |
    -----------------------------------------------------------------------
    Found 12-bit adder for signal <clk_count[11]_GND_7_o_add_7_OUT> created at line 75.
    Found 1-bit 9-to-1 multiplexer for signal <bit_index[3]_PWR_15_o_Mux_4_o> created at line 41.
    Summary:
	inferred   1 Adder/Subtractor(s).
	inferred  22 D-type flip-flop(s).
	inferred   2 Multiplexer(s).
	inferred   1 Finite State Machine(s).
Unit <uart_tx_core> synthesized.

=========================================================================
HDL Synthesis Report

Macro Statistics
# RAMs                                                 : 1
 4x4-bit single-port Read Only RAM                     : 1
# Adders/Subtractors                                   : 13
 12-bit adder                                          : 1
 13-bit adder                                          : 1
 16-bit subtractor                                     : 1
 19-bit subtractor                                     : 1
 2-bit adder                                           : 1
 23-bit subtractor                                     : 1
 24-bit subtractor                                     : 1
 28-bit subtractor                                     : 1
 3-bit adder                                           : 2
 3-bit subtractor                                      : 1
 4-bit adder                                           : 1
 7-bit adder                                           : 1
# Registers                                            : 34
 1-bit register                                        : 11
 12-bit register                                       : 1
 13-bit register                                       : 1
 16-bit register                                       : 1
 19-bit register                                       : 1
 2-bit register                                        : 1
 23-bit register                                       : 1
 24-bit register                                       : 1
 28-bit register                                       : 1
 3-bit register                                        : 2
 4-bit register                                        : 10
 8-bit register                                        : 3
# Comparators                                          : 8
 23-bit comparator greater                             : 1
 24-bit comparator greater                             : 1
 3-bit comparator greater                              : 2
 4-bit comparator equal                                : 4
# Multiplexers                                         : 199
 1-bit 2-to-1 multiplexer                              : 97
 1-bit 9-to-1 multiplexer                              : 1
 16-bit 2-to-1 multiplexer                             : 1
 19-bit 2-to-1 multiplexer                             : 13
 23-bit 2-to-1 multiplexer                             : 16
 3-bit 2-to-1 multiplexer                              : 8
 4-bit 2-to-1 multiplexer                              : 33
 8-bit 2-to-1 multiplexer                              : 30
# FSMs                                                 : 2

=========================================================================
INFO:Xst:1767 - HDL ADVISOR - Resource sharing has identified that some arithmetic operations in this design can share the same physical resources for reduced device utilization. For improved clock frequency you may try to disable resource sharing.

=========================================================================
*                       Advanced HDL Synthesis                          *
=========================================================================


Synthesizing (advanced) Unit <keypad_scanner>.
The following registers are absorbed into counter <row_timer>: 1 register on signal <row_timer>.
The following registers are absorbed into counter <row_idx>: 1 register on signal <row_idx>.
INFO:Xst:3218 - HDL ADVISOR - The RAM <Mram_row_out> will be implemented on LUTs either because you have described an asynchronous read or because of currently unsupported block RAM features. If you have described an asynchronous read, making it synchronous would allow you to take advantage of available block RAM resources, for optimized device usage and improved timings. Please refer to your documentation for coding guidelines.
    -----------------------------------------------------------------------
    | ram_type           | Distributed                         |          |
    -----------------------------------------------------------------------
    | Port A                                                              |
    |     aspect ratio   | 4-word x 4-bit                      |          |
    |     weA            | connected to signal <GND>           | high     |
    |     addrA          | connected to signal <row_idx>       |          |
    |     diA            | connected to signal <GND>           |          |
    |     doA            | connected to signal <row_out>       |          |
    -----------------------------------------------------------------------
Unit <keypad_scanner> synthesized (advanced).

Synthesizing (advanced) Unit <pin_lock_fsm>.
The following registers are absorbed into counter <fail_led_timer>: 1 register on signal <fail_led_timer>.
The following registers are absorbed into counter <release_timer>: 1 register on signal <release_timer>.
The following registers are absorbed into counter <lockout_timer>: 1 register on signal <lockout_timer>.
Unit <pin_lock_fsm> synthesized (advanced).

Synthesizing (advanced) Unit <uart_tx_core>.
The following registers are absorbed into counter <clk_count>: 1 register on signal <clk_count>.
Unit <uart_tx_core> synthesized (advanced).

=========================================================================
Advanced HDL Synthesis Report

Macro Statistics
# RAMs                                                 : 1
 4x4-bit single-port distributed Read Only RAM         : 1
# Adders/Subtractors                                   : 7
 19-bit subtractor                                     : 1
 23-bit subtractor                                     : 1
 3-bit adder                                           : 2
 3-bit subtractor                                      : 1
 4-bit adder                                           : 1
 7-bit adder                                           : 1
# Counters                                             : 6
 12-bit up counter                                     : 1
 13-bit up counter                                     : 1
 16-bit down counter                                   : 1
 2-bit up counter                                      : 1
 24-bit down counter                                   : 1
 28-bit down counter                                   : 1
# Registers                                            : 123
 Flip-Flops                                            : 123
# Comparators                                          : 8
 23-bit comparator greater                             : 1
 24-bit comparator greater                             : 1
 3-bit comparator greater                              : 2
 4-bit comparator equal                                : 4
# Multiplexers                                         : 198
 1-bit 2-to-1 multiplexer                              : 97
 1-bit 9-to-1 multiplexer                              : 1
 19-bit 2-to-1 multiplexer                             : 13
 23-bit 2-to-1 multiplexer                             : 16
 3-bit 2-to-1 multiplexer                              : 8
 4-bit 2-to-1 multiplexer                              : 33
 8-bit 2-to-1 multiplexer                              : 30
# FSMs                                                 : 2

=========================================================================

=========================================================================
*                         Low Level Synthesis                           *
=========================================================================
Analyzing FSM <MFsm> for best encoding.
Optimizing FSM <lock_i/FSM_0> on signal <state[1:3]> with user encoding.
-----------------------------------
 State                 | Encoding
-----------------------------------
 locked                | 000
 unlocked              | 001
 verify_old_for_change | 010
 set_new_pin           | 011
 lockout               | 100
-----------------------------------
Analyzing FSM <MFsm> for best encoding.
Optimizing FSM <uart_i/FSM_1> on signal <bit_index[1:4]> with user encoding.
-------------------
 State | Encoding
-------------------
 0000  | 0000
 0001  | 0001
 0010  | 0010
 0011  | 0011
 0100  | 0100
 0101  | 0101
 0110  | 0110
 0111  | 0111
 1000  | 1000
 1001  | 1001
-------------------
WARNING:Xst:1293 - FF/Latch <event_data_7> has a constant value of 0 in block <pin_lock_fsm>. This FF/Latch will be trimmed during the optimization process.
WARNING:Xst:1293 - FF/Latch <tx_data_i_7> has a constant value of 0 in block <pin_lock_fsm>. This FF/Latch will be trimmed during the optimization process.

Optimizing unit <UART_TX> ...

Optimizing unit <keypad_scanner> ...

Optimizing unit <pin_lock_fsm> ...

Optimizing unit <uart_tx_core> ...
WARNING:Xst:1293 - FF/Latch <uart_i/shift_reg_7> has a constant value of 0 in block <UART_TX>. This FF/Latch will be trimmed during the optimization process.
WARNING:Xst:2677 - Node <scanner_i/frame_strobe_i> of sequential type is unconnected in block <UART_TX>.

Mapping all equations...
Building and optimizing final netlist ...
Found area constraint ratio of 100 (+ 5) on block UART_TX, actual ratio is 9.
FlipFlop lock_i/key_held has been replicated 2 time(s)
FlipFlop lock_i/key_released has been replicated 2 time(s)
FlipFlop lock_i/state_FSM_FFd1 has been replicated 1 time(s)
FlipFlop lock_i/state_FSM_FFd2 has been replicated 1 time(s)
FlipFlop lock_i/state_FSM_FFd3 has been replicated 1 time(s)
FlipFlop scanner_i/key_code_i_0 has been replicated 2 time(s)
FlipFlop scanner_i/key_code_i_1 has been replicated 2 time(s)
FlipFlop scanner_i/key_code_i_2 has been replicated 1 time(s)
FlipFlop scanner_i/key_code_i_3 has been replicated 2 time(s)
FlipFlop scanner_i/key_valid_i has been replicated 2 time(s)

Final Macro Processing ...

=========================================================================
Final Register Report

Macro Statistics
# Registers                                            : 237
 Flip-Flops                                            : 237

=========================================================================

=========================================================================
*                           Partition Report                            *
=========================================================================

Partition Implementation Status
-------------------------------

  No Partitions were found in this design.

-------------------------------

=========================================================================
*                            Design Summary                             *
=========================================================================

Top Level Output File Name         : UART_TX.ngc

Primitive and Black Box Usage:
------------------------------
# BELS                             : 762
#      GND                         : 1
#      INV                         : 96
#      LUT1                        : 27
#      LUT2                        : 19
#      LUT3                        : 39
#      LUT4                        : 65
#      LUT5                        : 66
#      LUT6                        : 169
#      MUXCY                       : 138
#      MUXF7                       : 6
#      VCC                         : 1
#      XORCY                       : 135
# FlipFlops/Latches                : 237
#      FD                          : 52
#      FDE                         : 58
#      FDR                         : 22
#      FDRE                        : 105
# Clock Buffers                    : 1
#      BUFGP                       : 1
# IO Buffers                       : 13
#      IBUF                        : 4
#      OBUF                        : 9

Device utilization summary:
---------------------------

Selected Device : 6slx9tqg144-3 


Slice Logic Utilization: 
 Number of Slice Registers:             237  out of  11440     2%  
 Number of Slice LUTs:                  481  out of   5720     8%  
    Number used as Logic:               481  out of   5720     8%  

Slice Logic Distribution: 
 Number of LUT Flip Flop pairs used:    525
   Number with an unused Flip Flop:     288  out of    525    54%  
   Number with an unused LUT:            44  out of    525     8%  
   Number of fully used LUT-FF pairs:   193  out of    525    36%  
   Number of unique control sets:        27

IO Utilization: 
 Number of IOs:                          14
 Number of bonded IOBs:                  14  out of    102    13%  

Specific Feature Utilization:
 Number of BUFG/BUFGCTRLs:                1  out of     16     6%  

---------------------------
Partition Resource Summary:
---------------------------

  No Partitions were found in this design.

---------------------------


=========================================================================
Timing Report

NOTE: THESE TIMING NUMBERS ARE ONLY A SYNTHESIS ESTIMATE.
      FOR ACCURATE TIMING INFORMATION PLEASE REFER TO THE TRACE REPORT
      GENERATED AFTER PLACE-and-ROUTE.

Clock Information:
------------------
-----------------------------------+------------------------+-------+
Clock Signal                       | Clock buffer(FF name)  | Load  |
-----------------------------------+------------------------+-------+
SysClk                             | BUFGP                  | 237   |
-----------------------------------+------------------------+-------+

Asynchronous Control Signals Information:
----------------------------------------
No asynchronous control signals found in this design

Timing Summary:
---------------
Speed Grade: -3

   Minimum period: 7.027ns (Maximum Frequency: 142.301MHz)
   Minimum input arrival time before clock: 4.702ns
   Maximum output required time after clock: 6.054ns
   Maximum combinational path delay: No path found

Timing Details:
---------------
All values displayed in nanoseconds (ns)

=========================================================================
Timing constraint: Default period analysis for Clock 'SysClk'
  Clock period: 7.027ns (frequency: 142.301MHz)
  Total number of paths / destination ports: 36193 / 525
-------------------------------------------------------------------------
Delay:               7.027ns (Levels of Logic = 5)
  Source:            lock_i/pin_ref_2_3 (FF)
  Destination:       lock_i/event_data_6 (FF)
  Source Clock:      SysClk rising
  Destination Clock: SysClk rising

  Data Path: lock_i/pin_ref_2_3 to lock_i/event_data_6
                                Gate     Net
    Cell:in->out      fanout   Delay   Delay  Logical Name (Net Name)
    ----------------------------------------  ------------
     FDE:C->Q              1   0.447   0.944  lock_i/pin_ref_2_3 (lock_i/pin_ref_2_3)
     LUT6:I0->O            3   0.203   1.015  lock_i/state_FSM_FFd2-In2214 (lock_i/state_FSM_FFd2-In2214)
     LUT6:I0->O            3   0.203   0.651  lock_i/state_FSM_FFd2-In2217_1 (lock_i/state_FSM_FFd2-In2217)
     LUT6:I5->O           14   0.205   1.205  lock_i/Mmux_GND_6_o_GND_6_o_MUX_393_o133 (lock_i/Mmux_GND_6_o_GND_6_o_MUX_393_o11)
     LUT6:I2->O            3   0.203   0.651  lock_i/Mmux_event_data[7]_GND_6_o_mux_354_OUT71 (lock_i/event_data[7]_GND_6_o_mux_354_OUT<6>)
     LUT6:I5->O            7   0.205   0.773  lock_i/_n1561_inv1 (lock_i/_n1561_inv)
     FDE:CE                    0.322          lock_i/event_data_0
    ----------------------------------------
    Total                      7.027ns (1.788ns logic, 5.239ns route)
                                       (25.4% logic, 74.6% route)

=========================================================================
Timing constraint: Default OFFSET IN BEFORE for Clock 'SysClk'
  Total number of paths / destination ports: 136 / 34
-------------------------------------------------------------------------
Offset:              4.702ns (Levels of Logic = 3)
  Source:            K2_COL<0> (PAD)
  Destination:       scanner_i/key_code_i_3 (FF)
  Destination Clock: SysClk rising

  Data Path: K2_COL<0> to scanner_i/key_code_i_3
                                Gate     Net
    Cell:in->out      fanout   Delay   Delay  Logical Name (Net Name)
    ----------------------------------------  ------------
     IBUF:I->O             7   1.222   1.021  K2_COL_0_IBUF (K2_COL_0_IBUF)
     LUT4:I0->O            6   0.203   0.849  scanner_i/Mmux_col_in[3]_PWR_5_o_MUX_3_o11 (scanner_i/col_in[3]_PWR_5_o_MUX_3_o)
     LUT5:I3->O           11   0.203   0.882  scanner_i/_n0109_inv1 (scanner_i/_n0109_inv)
     FDE:CE                    0.322          scanner_i/key_code_i_0
    ----------------------------------------
    Total                      4.702ns (1.950ns logic, 2.752ns route)
                                       (41.5% logic, 58.5% route)

=========================================================================
Timing constraint: Default OFFSET OUT AFTER for Clock 'SysClk'
  Total number of paths / destination ports: 62 / 9
-------------------------------------------------------------------------
Offset:              6.054ns (Levels of Logic = 8)
  Source:            lock_i/buzz_timer_0 (FF)
  Destination:       Buzzer (PAD)
  Source Clock:      SysClk rising

  Data Path: lock_i/buzz_timer_0 to Buzzer
                                Gate     Net
    Cell:in->out      fanout   Delay   Delay  Logical Name (Net Name)
    ----------------------------------------  ------------
     FDRE:C->Q             4   0.447   1.028  lock_i/buzz_timer_0 (lock_i/buzz_timer_0)
     LUT5:I0->O            1   0.203   0.000  lock_i/Mcompar_buzzer_lut<0> (lock_i/Mcompar_buzzer_lut<0>)
     MUXCY:S->O            1   0.172   0.000  lock_i/Mcompar_buzzer_cy<0> (lock_i/Mcompar_buzzer_cy<0>)
     MUXCY:CI->O           1   0.019   0.000  lock_i/Mcompar_buzzer_cy<1> (lock_i/Mcompar_buzzer_cy<1>)
     MUXCY:CI->O           1   0.019   0.000  lock_i/Mcompar_buzzer_cy<2> (lock_i/Mcompar_buzzer_cy<2>)
     MUXCY:CI->O           1   0.019   0.000  lock_i/Mcompar_buzzer_cy<3> (lock_i/Mcompar_buzzer_cy<3>)
     MUXCY:CI->O           1   0.213   0.579  lock_i/Mcompar_buzzer_cy<4> (lock_i/Mcompar_buzzer_cy<4>)
     INV:I->O              1   0.206   0.579  lock_i/Mcompar_buzzer_cy<4>_inv1_INV_0 (Buzzer_OBUF)
     OBUF:I->O                 2.571          Buzzer_OBUF (Buzzer)
    ----------------------------------------
    Total                      6.054ns (3.869ns logic, 2.185ns route)
                                       (63.9% logic, 36.1% route)

=========================================================================

Cross Clock Domains Report:
--------------------------

Clock to Setup on destination clock SysClk
---------------+---------+---------+---------+---------+
               | Src:Rise| Src:Fall| Src:Rise| Src:Fall|
Source Clock   |Dest:Rise|Dest:Rise|Dest:Fall|Dest:Fall|
---------------+---------+---------+---------+---------+
SysClk         |    7.027|         |         |         |
---------------+---------+---------+---------+---------+

=========================================================================


Total REAL time to Xst completion: 8.00 secs
Total CPU time to Xst completion: 6.51 secs
 
--> 


Total memory usage is 490184 kilobytes

Number of errors   :    0 (   0 filtered)
Number of warnings :    4 (   0 filtered)
Number of infos    :    3 (   0 filtered)

